
> ah-interviews-backend@1.0.0 test
> jest src/__tests__/auth.integration.test.ts

node.exe : FAIL src/__tests__/a
uth.integration.test.ts
At C:\Program 
Files\nodejs\npm.ps1:29 char:3
+   & $NODE_EXE $NPM_CLI_JS 
$args
+   
~~~~~~~~~~~~~~~~~~~~~~~~~~~~~
    + CategoryInfo          :  
   NotSpecified: (FAIL src/__  
  test...gration.test.ts:Str   
 ing) [], RemoteException
    + FullyQualifiedErrorId :  
   NativeCommandError
 
  Auth API Integration
    ΓêÜ POST 
/api/auth/register should 
create a new user (38 ms)
    ├ù POST /api/auth/login 
should fail with wrong 
credentials (15 ms)

  ΓùÅ Auth API Integration ΓÇ║ 
POST /api/auth/login should 
fail with wrong credentials

    expect(received).toBe(expec
ted) // Object.is equality

    Expected: 401
    Received: 400

    [0m [90m 29 |[39m       
      password[33m:[39m [32m
'wrongpassword'[39m[33m,[39m
     [90m 30 |[39m         
})[33m;[39m
    [31m[1m>[22m[39m[90m 
31 |[39m         expect(res[3
3m.[39mstatus)[33m.[39mtoBe(
[35m401[39m)[33m;[39m 
[90m// Unauthorized[39m
     [90m    |[39m           
                 
[31m[1m^[22m[39m
     [90m 32 |[39m     
})[33m;[39m
     [90m 33 |[39m 
})[33m;[39m
     [90m 34 |[39m[0m

      at Object.<anonymous> (sr
c/__tests__/auth.integration.te
st.ts:31:28)

Test Suites: 1 failed, 1 total
Tests:       1 failed, 1 
passed, 2 total
Snapshots:   0 total
Time:        3.373 s, 
estimated 4 s
Ran all test suites matching /s
rc\\__tests__\\auth.integration
.test.ts/i.
